------------------------------------------------------------
TimeQuest Timing Analyzer Summary
------------------------------------------------------------

Type  : Slow 1200mV 85C Model Setup 'CLOCK_50'
Slack : -4.098
TNS   : -71.575

Type  : Slow 1200mV 85C Model Setup 'ClkDividerN:clk_div_4hz|clkOut'
Slack : -2.541
TNS   : -52.367

Type  : Slow 1200mV 85C Model Hold 'ClkDividerN:clk_div_4hz|clkOut'
Slack : 0.387
TNS   : 0.000

Type  : Slow 1200mV 85C Model Hold 'CLOCK_50'
Slack : 0.655
TNS   : 0.000

Type  : Slow 1200mV 85C Model Minimum Pulse Width 'CLOCK_50'
Slack : -3.000
TNS   : -44.120

Type  : Slow 1200mV 85C Model Minimum Pulse Width 'ClkDividerN:clk_div_4hz|clkOut'
Slack : -1.285
TNS   : -39.835

Type  : Slow 1200mV 0C Model Setup 'CLOCK_50'
Slack : -3.663
TNS   : -61.726

Type  : Slow 1200mV 0C Model Setup 'ClkDividerN:clk_div_4hz|clkOut'
Slack : -2.246
TNS   : -45.631

Type  : Slow 1200mV 0C Model Hold 'ClkDividerN:clk_div_4hz|clkOut'
Slack : 0.338
TNS   : 0.000

Type  : Slow 1200mV 0C Model Hold 'CLOCK_50'
Slack : 0.598
TNS   : 0.000

Type  : Slow 1200mV 0C Model Minimum Pulse Width 'CLOCK_50'
Slack : -3.000
TNS   : -44.120

Type  : Slow 1200mV 0C Model Minimum Pulse Width 'ClkDividerN:clk_div_4hz|clkOut'
Slack : -1.285
TNS   : -39.835

Type  : Fast 1200mV 0C Model Setup 'CLOCK_50'
Slack : -1.528
TNS   : -19.369

Type  : Fast 1200mV 0C Model Setup 'ClkDividerN:clk_div_4hz|clkOut'
Slack : -0.656
TNS   : -10.274

Type  : Fast 1200mV 0C Model Hold 'ClkDividerN:clk_div_4hz|clkOut'
Slack : 0.174
TNS   : 0.000

Type  : Fast 1200mV 0C Model Hold 'CLOCK_50'
Slack : 0.299
TNS   : 0.000

Type  : Fast 1200mV 0C Model Minimum Pulse Width 'CLOCK_50'
Slack : -3.000
TNS   : -36.959

Type  : Fast 1200mV 0C Model Minimum Pulse Width 'ClkDividerN:clk_div_4hz|clkOut'
Slack : -1.000
TNS   : -31.000

------------------------------------------------------------
