------------------------------------------------------------
TimeQuest Timing Analyzer Summary
------------------------------------------------------------

Type  : Slow 1200mV 85C Model Setup 'CLOCK_50'
Slack : -4.118
TNS   : -79.470

Type  : Slow 1200mV 85C Model Setup 'ClkDividerN:freqDiv|clkOut'
Slack : -2.146
TNS   : -15.676

Type  : Slow 1200mV 85C Model Hold 'CLOCK_50'
Slack : 0.448
TNS   : 0.000

Type  : Slow 1200mV 85C Model Hold 'ClkDividerN:freqDiv|clkOut'
Slack : 0.698
TNS   : 0.000

Type  : Slow 1200mV 85C Model Minimum Pulse Width 'CLOCK_50'
Slack : -3.000
TNS   : -37.695

Type  : Slow 1200mV 85C Model Minimum Pulse Width 'ClkDividerN:freqDiv|clkOut'
Slack : -1.285
TNS   : -10.280

Type  : Slow 1200mV 0C Model Setup 'CLOCK_50'
Slack : -3.692
TNS   : -70.991

Type  : Slow 1200mV 0C Model Setup 'ClkDividerN:freqDiv|clkOut'
Slack : -1.888
TNS   : -13.365

Type  : Slow 1200mV 0C Model Hold 'CLOCK_50'
Slack : 0.405
TNS   : 0.000

Type  : Slow 1200mV 0C Model Hold 'ClkDividerN:freqDiv|clkOut'
Slack : 0.641
TNS   : 0.000

Type  : Slow 1200mV 0C Model Minimum Pulse Width 'CLOCK_50'
Slack : -3.000
TNS   : -37.695

Type  : Slow 1200mV 0C Model Minimum Pulse Width 'ClkDividerN:freqDiv|clkOut'
Slack : -1.285
TNS   : -10.280

Type  : Fast 1200mV 0C Model Setup 'CLOCK_50'
Slack : -1.525
TNS   : -23.853

Type  : Fast 1200mV 0C Model Setup 'ClkDividerN:freqDiv|clkOut'
Slack : -0.538
TNS   : -3.615

Type  : Fast 1200mV 0C Model Hold 'CLOCK_50'
Slack : 0.204
TNS   : 0.000

Type  : Fast 1200mV 0C Model Hold 'ClkDividerN:freqDiv|clkOut'
Slack : 0.318
TNS   : 0.000

Type  : Fast 1200mV 0C Model Minimum Pulse Width 'CLOCK_50'
Slack : -3.000
TNS   : -31.647

Type  : Fast 1200mV 0C Model Minimum Pulse Width 'ClkDividerN:freqDiv|clkOut'
Slack : -1.000
TNS   : -8.000

------------------------------------------------------------
