------------------------------------------------------------
TimeQuest Timing Analyzer Summary
------------------------------------------------------------

Type  : Slow 1200mV 85C Model Setup 'CLOCK_50'
Slack : -3.841
TNS   : -275.497

Type  : Slow 1200mV 85C Model Setup 'KEY[0]'
Slack : -1.236
TNS   : -3.877

Type  : Slow 1200mV 85C Model Hold 'KEY[0]'
Slack : 0.440
TNS   : 0.000

Type  : Slow 1200mV 85C Model Hold 'CLOCK_50'
Slack : 0.597
TNS   : 0.000

Type  : Slow 1200mV 85C Model Minimum Pulse Width 'CLOCK_50'
Slack : -3.000
TNS   : -110.940

Type  : Slow 1200mV 85C Model Minimum Pulse Width 'KEY[0]'
Slack : -3.000
TNS   : -8.140

Type  : Slow 1200mV 0C Model Setup 'CLOCK_50'
Slack : -3.424
TNS   : -245.059

Type  : Slow 1200mV 0C Model Setup 'KEY[0]'
Slack : -0.943
TNS   : -3.310

Type  : Slow 1200mV 0C Model Hold 'KEY[0]'
Slack : 0.387
TNS   : 0.000

Type  : Slow 1200mV 0C Model Hold 'CLOCK_50'
Slack : 0.562
TNS   : 0.000

Type  : Slow 1200mV 0C Model Minimum Pulse Width 'CLOCK_50'
Slack : -3.000
TNS   : -110.940

Type  : Slow 1200mV 0C Model Minimum Pulse Width 'KEY[0]'
Slack : -3.000
TNS   : -8.140

Type  : Fast 1200mV 0C Model Setup 'CLOCK_50'
Slack : -1.359
TNS   : -90.654

Type  : Fast 1200mV 0C Model Setup 'KEY[0]'
Slack : -0.687
TNS   : -2.316

Type  : Fast 1200mV 0C Model Hold 'KEY[0]'
Slack : 0.201
TNS   : 0.000

Type  : Fast 1200mV 0C Model Hold 'CLOCK_50'
Slack : 0.268
TNS   : 0.000

Type  : Fast 1200mV 0C Model Minimum Pulse Width 'CLOCK_50'
Slack : -3.000
TNS   : -92.261

Type  : Fast 1200mV 0C Model Minimum Pulse Width 'KEY[0]'
Slack : -3.000
TNS   : -7.576

------------------------------------------------------------
